<html>
<body>
<pre>
<h1>µVision Build Log</h1>
<h2>Tool Versions:</h2>
IDE-Version: ¦ÌVision V5.12.0.0
Copyright (C) 2014 ARM Ltd and ARM Germany GmbH. All rights reserved.
License Information: J J, J, LIC=HN08T-R2W4V-55LT2-943VR-97MGZ-P4RWB
 
Tool Versions:
Toolchain:       MDK-ARM Standard  Version: 5.12.0.0
Toolchain Path:  D:\Program Files (x86)\keil5\ARM\ARM\ARMCC\Bin
C Compiler:      Armcc.exe V5.05 (build 41)
Assembler:       Armasm.exe V5.05 (build 41)
Linker/Locator:  ArmLink.exe V5.05 (build 41)
Library Manager: ArmAr.exe V5.05 (build 41)
Hex Converter:   FromElf.exe V5.05 (build 41)
CPU DLL:         SARMCM3.DLL V5.12.0.0
Dialog DLL:      DCM.DLL V1.13.0.0
    Target DLL: Segger\JL2CM3.dll
Dialog DLL:      TCM.DLL V1.14.2.0
 
<h2>Project:</h2>
D:\docunments\code\keil5\Electronic-Design\code\Project\RVMDK£¨uv5£©\ElectronicDesign.uvproj
Project File Date:  08/10/2017

<h2>Output:</h2>
Build target 'Target 1'
compiling stm32f10x_it.c...
compiling main.c...
compiling signal.c...
compiling debug.c...
linking...
Program Size: Code=8360 RO-data=368 RW-data=52 ZI-data=1636  
"..\..\Output\ElectronicDesign.axf" - 0 Error(s), 0 Warning(s).
</pre>
</body>
</html>
.
"..\..\User\stm32f10x_it.c" - 0 Error(s), 0 Warning(s).

compiling stm32f10x_exti.c...
compiling stm32f10x_flash.c...
compiling stm32f10x_fsmc.c...
compiling stm32f10x_gpio.c...
compiling stm32f10x_i2c.c...
compiling stm32f10x_iwdg.c...
compiling stm32f10x_pwr.c...
compiling stm32f10x_rcc.c...
compiling stm32f10x_rtc.c...
compiling stm32f10x_sdio.c...
compiling stm32f10x_spi.c...
compiling stm32f10x_tim.c...
compiling stm32f10x_usart.c...
compiling stm32f10x_wwdg.c...
compiling stm32f10x_it.c...
compiling main.c...
compiling signal.c...
compiling debug.c...
linking...
Program Size: Code=8224 RO-data=368 RW-data=52 ZI-data=1636  
"..\..\Output\ElectronicDesign.axf" - 0 Error(s), 0 Warning(s).
Design.axf" - 1 Error(s), 0 Warning(s).
Target not created.
